04-07 13:27:45.787  3001  3001 I artd    : GetBestInfo: odex next to the dex file (/data/app/~~9EJgK3wJrWTSfr2ja0bA_Q==/com.google.android.gms-cTmvf4GlcXpHfRnR1gMH-Q==/oat/arm64/split_CronetDynamite_installtime.odex) is kOatUpToDate with filter 'speed-profile' executable 'false'
04-07 13:27:45.795  3001  3001 I artd    : GetBestInfo: odex next to the dex file (/data/app/~~9EJgK3wJrWTSfr2ja0bA_Q==/com.google.android.gms-cTmvf4GlcXpHfRnR1gMH-Q==/oat/arm64/split_DynamiteLoader_installtime.odex) is kOatUpToDate with filter 'speed' executable 'false'
04-07 13:27:45.798  3001  3001 I artd    : GetBestInfo: odex next to the dex file (/data/app/~~9EJgK3wJrWTSfr2ja0bA_Q==/com.google.android.gms-cTmvf4GlcXpHfRnR1gMH-Q==/oat/arm64/split_DynamiteModulesA_installtime.odex) is kOatUpToDate with filter 'speed' executable 'false'
04-07 13:27:45.803  3001  3001 I artd    : GetBestInfo: odex next to the dex file (/data/app/~~9EJgK3wJrWTSfr2ja0bA_Q==/com.google.android.gms-cTmvf4GlcXpHfRnR1gMH-Q==/oat/arm64/split_DynamiteModulesC_installtime.odex) is kOatUpToDate with filter 'speed' executable 'false'
04-07 13:27:45.876  3001  3003 I artd    : GetBestInfo: odex next to the dex file (/data/app/~~9EJgK3wJrWTSfr2ja0bA_Q==/com.google.android.gms-cTmvf4GlcXpHfRnR1gMH-Q==/oat/arm64/split_GoogleCertificates_installtime.odex) is kOatUpToDate with filter 'speed' executable 'false'
04-07 13:27:45.879  3001  5250 I artd    : GetBestInfo: odex next to the dex file (/data/app/~~9EJgK3wJrWTSfr2ja0bA_Q==/com.google.android.gms-cTmvf4GlcXpHfRnR1gMH-Q==/oat/arm64/split_MapsDynamite_installtime.odex) is kOatUpToDate with filter 'speed' executable 'false'
04-07 13:27:45.931  3001  5250 I artd    : GetBestInfo: odex next to the dex file (/data/app/~~9EJgK3wJrWTSfr2ja0bA_Q==/com.google.android.gms-cTmvf4GlcXpHfRnR1gMH-Q==/oat/arm64/split_MeasurementDynamite_installtime.odex) is kOatUpToDate with filter 'speed' executable 'false'
04-07 13:27:45.941  3001  5250 W artd    : Could not get dex checksums for location /data/app/~~R49jiJKTWeb2KTyiSxCk7Q==/com.google.android.gms-DIlyUlpBWEyIZeN18hyR-w==/base.apk, fd=-1
04-07 13:27:45.942  3001  5250 I artd    : GetBestInfo: /data/user_de/0/com.google.android.gms/app_chimera/m/00000001/CronetDynamite.apk has no usable artifacts
04-07 13:27:45.949  3001  3001 I artd    : GetBestInfo: /data/user_de/0/com.google.android.gms/app_chimera/m/0000002c/dl-Appsearch.optional_260834100400.apk has no usable artifacts
04-07 13:27:45.949  3001  5250 I artd    : GetBestInfo: /data/user_de/0/com.google.android.gms/app_chimera/m/00000002/DynamiteLoader.apk has no usable artifacts
04-07 13:27:45.949  3001  5250 I artd    : GetBestInfo: /data/user_de/0/com.google.android.gms/app_chimera/m/00000005/GoogleCertificates.apk has no usable artifacts
04-07 13:27:45.954  3001  5250 I artd    : GetBestInfo: /data/user/0/com.google.android.gms/app_dg_cache/DD26CFCA40A2391A1E3626BBAF83BD500298C9F7/the.apk has no usable artifacts
04-07 13:27:45.954  3001  5250 W artd    : Could not get dex checksums for location /data/app/~~R49jiJKTWeb2KTyiSxCk7Q==/com.google.android.gms-DIlyUlpBWEyIZeN18hyR-w==/base.apk, fd=-1
04-07 13:27:45.969  3001  3001 I artd    : GetBestInfo: /data/user_de/0/com.google.android.gms/app_chimera/m/00000028/dl-MlkitBarcodeUi.optional_260834100400.apk has no usable artifacts
04-07 13:27:45.970  3001  5250 W artd    : Could not get dex checksums for location /data/app/~~R49jiJKTWeb2KTyiSxCk7Q==/com.google.android.gms-DIlyUlpBWEyIZeN18hyR-w==/base.apk, fd=-1
04-07 13:27:45.970  4970  5022 I HWUI    : Davey! duration=1368ms; Flags=0, FrameTimelineVsyncId=33824, IntendedVsync=668751524037, Vsync=669334857347, InputEventId=0, HandleInputStart=669348676860, AnimationStart=669348678652, PerformTraversalsStart=669353454235, DrawStart=669353654069, FrameDeadline=669868190659, FrameStartTime=669346504569, FrameInterval=16666666, WorkloadTarget=16666666, SyncQueued=669353681319, SyncStart=669571122152, IssueDrawCommandsStart=669571206860, SwapBuffers=669846586402, FrameCompleted=670337223402, DequeueBufferDuration=342522167, QueueBufferDuration=433917, GpuCompleted=670277630444, SwapBuffersCompleted=670337223402, DisplayPresentTime=0, CommandSubmissionCompleted=669846586402, 
04-07 13:27:45.973  3001  5250 W artd    : Could not get dex checksums for location /data/app/~~R49jiJKTWeb2KTyiSxCk7Q==/com.google.android.gms-DIlyUlpBWEyIZeN18hyR-w==/base.apk, fd=-1
04-07 13:27:45.975  3001  5250 I artd    : GetBestInfo: /data/user_de/0/com.google.android.gms/app_chimera/m/00000019/dl-TfliteDynamiteDynamite.integ_252130102100400.apk has no usable artifacts
04-07 13:27:45.977  3001  5250 W artd    : Could not get dex checksums for location /data/app/~~R49jiJKTWeb2KTyiSxCk7Q==/com.google.android.gms-DIlyUlpBWEyIZeN18hyR-w==/base.apk, fd=-1
04-07 13:27:45.978  3001  5250 W artd    : Could not get dex checksums for location /data/app/~~R49jiJKTWeb2KTyiSxCk7Q==/com.google.android.gms-DIlyUlpBWEyIZeN18hyR-w==/base.apk, fd=-1
04-07 13:27:45.978  3001  3001 W artd    : Could not get dex checksums for location /data/app/~~R49jiJKTWeb2KTyiSxCk7Q==/com.google.android.gms-DIlyUlpBWEyIZeN18hyR-w==/base.apk, fd=-1
04-07 13:27:45.981  3001  3001 I artd    : GetBestInfo: /data/user_de/0/com.google.android.gms/app_chimera/m/00000008/dl-Appsearch.optional_250834100400.apk has no usable artifacts
04-07 13:27:45.983  3001  5250 I artd    : GetBestInfo: /data/user_de/0/com.google.android.gms/app_chimera/m/0000002a/dl-PlayCloudSearch.optional_260834100000.apk has no usable artifacts
04-07 13:27:45.983  3001  3001 W artd    : Could not get dex checksums for location /data/app/~~R49jiJKTWeb2KTyiSxCk7Q==/com.google.android.gms-DIlyUlpBWEyIZeN18hyR-w==/base.apk, fd=-1
04-07 13:27:45.984  3001  3001 I artd    : GetBestInfo: /data/user_de/0/com.google.android.gms/app_chimera/m/00000029/dl-MlkitOcrCommon.optional_260834100400.apk has no usable artifacts
04-07 13:27:45.985  3001  5250 I artd    : GetBestInfo: /data/user/0/com.google.android.gms/app_dg_cache/DE47351470B874CD27E2358FA315B85F3554F2AB/the.apk has no usable artifacts
04-07 13:27:45.986  3001  5250 W artd    : Could not get dex checksums for location /data/app/~~R49jiJKTWeb2KTyiSxCk7Q==/com.google.android.gms-DIlyUlpBWEyIZeN18hyR-w==/base.apk, fd=-1
04-07 13:27:46.047  3001  3001 I artd    : GetBestInfo: vdex next to the dex file (/data/user/0/com.google.android.gms/app_dg_cache/C979021594972B0BA2D39F27BF33D93C4B1302BC/oat/arm64/the.vdex) is kOatUpToDate with filter 'verify' executable 'false'
04-07 13:27:46.049  3001  3001 I artd    : GetBestInfo: /data/user_de/0/com.google.android.gms/app_chimera/m/0000002b/dl-VisionOcr.optional_260834100000.apk has no usable artifacts
04-07 13:27:46.049  3001  3001 W artd    : Could not get dex checksums for location /data/app/~~R49jiJKTWeb2KTyiSxCk7Q==/com.google.android.gms-DIlyUlpBWEyIZeN18hyR-w==/base.apk, fd=-1
04-07 13:27:46.051  3001  3001 I artd    : GetBestInfo: /data/user_de/0/com.google.android.gms/app_chimera/m/0000000c/dl-MlkitBarcodeUi.optional_250834100400.apk has no usable artifacts
04-07 13:27:46.058  3001  3001 I artd    : GetBestInfo: /data/user_de/0/com.google.android.gms/app_chimera/m/00000007/MeasurementDynamite.apk has no usable artifacts
04-07 13:27:46.884  4970  4981 I HWUI    : Davey! duration=1294ms; Flags=0, FrameTimelineVsyncId=33854, IntendedVsync=669634857335, Vsync=670334857307, InputEventId=0, HandleInputStart=670340959194, AnimationStart=670340960694, PerformTraversalsStart=670350926652, DrawStart=670351126611, FrameDeadline=670718190625, FrameStartTime=670338253986, FrameInterval=16666666, WorkloadTarget=16666666, SyncQueued=670351153486, SyncStart=670525819944, IssueDrawCommandsStart=670525907236, SwapBuffers=670695653778, FrameCompleted=671103857153, DequeueBufferDuration=741542, QueueBufferDuration=251167, GpuCompleted=671103857153, SwapBuffersCompleted=670863395486, DisplayPresentTime=0, CommandSubmissionCompleted=670695653778, 
04-07 13:27:46.944  4970  4970 I Choreographer: Skipped 32 frames!  The application may be doing too much work on its main thread.
04-07 13:27:47.150  4970  4981 I HWUI    : Davey! duration=892ms; Flags=0, FrameTimelineVsyncId=33869, IntendedVsync=670351523973, Vsync=670518190633, InputEventId=0, HandleInputStart=670528779736, AnimationStart=670528780569, PerformTraversalsStart=670546566944, DrawStart=670665134236, FrameDeadline=671134857275, FrameStartTime=670528519653, FrameInterval=16666666, WorkloadTarget=16666666, SyncQueued=670665168444, SyncStart=670863877486, IssueDrawCommandsStart=670864187778, SwapBuffers=671252563070, FrameCompleted=671442574361, DequeueBufferDuration=179069833, QueueBufferDuration=10092666, GpuCompleted=671441952611, SwapBuffersCompleted=671442574361, DisplayPresentTime=0, CommandSubmissionCompleted=671252563070, 
04-07 13:27:47.763  4970  5022 I HWUI    : Davey! duration=852ms; Flags=0, FrameTimelineVsyncId=33884, IntendedVsync=670534857299, Vsync=670901523951, InputEventId=0, HandleInputStart=670905650944, AnimationStart=670905665778, PerformTraversalsStart=670920908569, DrawStart=670921104069, FrameDeadline=671468190595, FrameStartTime=670905252486, FrameInterval=16666666, WorkloadTarget=16666666, SyncQueued=670921130694, SyncStart=671442807445, IssueDrawCommandsStart=671442918986, SwapBuffers=671562769111, FrameCompleted=671909201403, DequeueBufferDuration=13334417, QueueBufferDuration=20472417, GpuCompleted=671909201403, SwapBuffersCompleted=671716973778, DisplayPresentTime=0, CommandSubmissionCompleted=671562769111, 
04-07 13:27:47.846  4970  4970 I Choreographer: Skipped 30 frames!  The application may be doing too much work on its main thread.
04-07 13:27:47.943  4970  5022 I HWUI    : Davey! duration=1262ms; Flags=0, FrameTimelineVsyncId=33899, IntendedVsync=670968190615, Vsync=671501523927, InputEventId=-885161617, HandleInputStart=671556508903, AnimationStart=671556513236, PerformTraversalsStart=671562112195, DrawStart=671562624486, FrameDeadline=671934857243, FrameStartTime=671501985903, FrameInterval=16666666, WorkloadTarget=16666666, SyncQueued=671562694570, SyncStart=671717235778, IssueDrawCommandsStart=671717396611, SwapBuffers=671910417737, FrameCompleted=672385501903, DequeueBufferDuration=247308375, QueueBufferDuration=453459, GpuCompleted=672321102028, SwapBuffersCompleted=672385501903, DisplayPresentTime=0, CommandSubmissionCompleted=671910417737, 
04-07 13:27:48.467  4970  5022 I HWUI    : Davey! duration=733ms; Flags=0, FrameTimelineVsyncId=33914, IntendedVsync=671568190591, Vsync=671718190585, InputEventId=0, HandleInputStart=671879212237, AnimationStart=671879214445, PerformTraversalsStart=671949169778, DrawStart=671950555487, FrameDeadline=672351523893, FrameStartTime=671727480945, FrameInterval=16666666, WorkloadTarget=16666666, SyncQueued=671950596278, SyncStart=672385700028, IssueDrawCommandsStart=672385835612, SwapBuffers=672501166195, FrameCompleted=672737021362, DequeueBufferDuration=5083, QueueBufferDuration=165791, GpuCompleted=672737021362, SwapBuffersCompleted=672504926612, DisplayPresentTime=0, CommandSubmissionCompleted=672501166195, 
04-07 13:27:48.482  4970  4970 I Choreographer: Skipped 31 frames!  The application may be doing too much work on its main thread.
04-07 13:27:49.154  4970  5022 I HWUI    : Davey! duration=1274ms; Flags=0, FrameTimelineVsyncId=33929, IntendedVsync=671901523911, Vsync=672401523891, InputEventId=-849912260, HandleInputStart=672409097070, AnimationStart=672409099153, PerformTraversalsStart=672467330612, DrawStart=672467623528, FrameDeadline=672768190543, FrameStartTime=672404241528, FrameInterval=16666666, WorkloadTarget=16666666, SyncQueued=672467653528, SyncStart=672505036112, IssueDrawCommandsStart=672505142487, SwapBuffers=672737963279, FrameCompleted=673213074779, DequeueBufferDuration=25069375, QueueBufferDuration=299208, GpuCompleted=673213074779, SwapBuffersCompleted=673032168862, DisplayPresentTime=0, CommandSubmissionCompleted=672737963279, 
04-07 13:27:49.246  4970  4970 I Choreographer: Skipped 41 frames!  The application may be doing too much work on its main thread.
04-07 13:27:49.319  4970  5022 I HWUI    : Davey! duration=775ms; Flags=0, FrameTimelineVsyncId=33944, IntendedVsync=672418190557, Vsync=672501523887, InputEventId=0, HandleInputStart=672505680320, AnimationStart=672505681153, PerformTraversalsStart=672512739820, DrawStart=672512921320, FrameDeadline=673234857191, FrameStartTime=672505676278, FrameInterval=16666666, WorkloadTarget=16666666, SyncQueued=672512945070, SyncStart=673032277612, IssueDrawCommandsStart=673032361070, SwapBuffers=673213876445, FrameCompleted=673712604571, DequeueBufferDuration=294373250, QueueBufferDuration=342500, GpuCompleted=673712216487, SwapBuffersCompleted=673712604571, DisplayPresentTime=0, CommandSubmissionCompleted=673213876445, 
04-07 13:27:50.045  4970  5022 I HWUI    : Davey! duration=988ms; Flags=0, FrameTimelineVsyncId=33952, IntendedVsync=672518190553, Vsync=673034857199, InputEventId=0, HandleInputStart=673069073820, AnimationStart=673069075862, PerformTraversalsStart=673110725987, DrawStart=673130980612, FrameDeadline=673734857171, FrameStartTime=673040472070, FrameInterval=16666666, WorkloadTarget=16666666, SyncQueued=673131068237, SyncStart=673713011904, IssueDrawCommandsStart=673713380571, SwapBuffers=673870883154, FrameCompleted=674088516488, DequeueBufferDuration=3303625, QueueBufferDuration=5813375, GpuCompleted=674088516488, SwapBuffersCompleted=673880626862, DisplayPresentTime=0, CommandSubmissionCompleted=673870883154, 
04-07 13:27:50.066  4970  4970 I Choreographer: Skipped 43 frames!  The application may be doing too much work on its main thread.
04-07 13:27:50.230  4970  5022 I HWUI    : Davey! duration=1470ms; Flags=0, FrameTimelineVsyncId=33967, IntendedVsync=673084857197, Vsync=673768190503, InputEventId=-210372089, HandleInputStart=673805908487, AnimationStart=673805910612, PerformTraversalsStart=673832565279, DrawStart=673832998029, FrameDeadline=674118190489, FrameStartTime=673783816737, FrameInterval=16666666, WorkloadTarget=16666666, SyncQueued=673833027779, SyncStart=673880824029, IssueDrawCommandsStart=673881109529, SwapBuffers=674252707279, FrameCompleted=674603007196, DequeueBufferDuration=347998916, QueueBufferDuration=936000, GpuCompleted=674464142613, SwapBuffersCompleted=674603007196, DisplayPresentTime=0, CommandSubmissionCompleted=674252707279, 
04-07 13:27:51.058  4970  5022 I HWUI    : Davey! duration=1333ms; Flags=0, FrameTimelineVsyncId=33990, IntendedVsync=673901523831, Vsync=674618190469, InputEventId=0, HandleInputStart=674625926696, AnimationStart=674625928446, PerformTraversalsStart=674635311404, DrawStart=674635557654, FrameDeadline=675068190451, FrameStartTime=674624885238, FrameInterval=16666666, WorkloadTarget=16666666, SyncQueued=674635587613, SyncStart=674793867363, IssueDrawCommandsStart=674793970780, SwapBuffers=675193694780, FrameCompleted=675393564738, DequeueBufferDuration=1454917, QueueBufferDuration=281459, GpuCompleted=675393564738, SwapBuffersCompleted=675196367030, DisplayPresentTime=0, CommandSubmissionCompleted=675193694780, 
04-07 13:27:51.669  4970  4982 I HWUI    : Davey! duration=909ms; Flags=0, FrameTimelineVsyncId=34005, IntendedVsync=674634857135, Vsync=674784857129, InputEventId=0, HandleInputStart=674795248363, AnimationStart=674795249655, PerformTraversalsStart=674910841155, DrawStart=674911567238, FrameDeadline=675418190437, FrameStartTime=674794765405, FrameInterval=16666666, WorkloadTarget=16666666, SyncQueued=674911599030, SyncStart=675196467405, IssueDrawCommandsStart=675197025696, SwapBuffers=675615795947, FrameCompleted=675828749822, DequeueBufferDuration=207500, QueueBufferDuration=248750, GpuCompleted=675828749822, SwapBuffersCompleted=675617059030, DisplayPresentTime=0, CommandSubmissionCompleted=675615795947, 
04-07 13:27:51.692  4970  4970 I Choreographer: Skipped 33 frames!  The application may be doing too much work on its main thread.
04-07 13:27:51.854  4970  4982 I HWUI    : Davey! duration=1069ms; Flags=0, FrameTimelineVsyncId=34020, IntendedVsync=674801523795, Vsync=675201523779, InputEventId=0, HandleInputStart=675227133821, AnimationStart=675227135738, PerformTraversalsStart=675259568988, DrawStart=675259765780, FrameDeadline=675851523753, FrameStartTime=675217503946, FrameInterval=16666666, WorkloadTarget=16666666, SyncQueued=675259792405, SyncStart=675617259447, IssueDrawCommandsStart=675617338863, SwapBuffers=675827365738, FrameCompleted=676228124947, DequeueBufferDuration=399368167, QueueBufferDuration=225500, GpuCompleted=676227480489, SwapBuffersCompleted=676228124947, DisplayPresentTime=0, CommandSubmissionCompleted=675827365738, 
04-07 13:27:52.241  4970  4982 I HWUI    : Davey! duration=818ms; Flags=0, FrameTimelineVsyncId=34035, IntendedVsync=675268190443, Vsync=675618190429, InputEventId=0, HandleInputStart=675628935780, AnimationStart=675628936738, PerformTraversalsStart=675690206447, DrawStart=675690427697, FrameDeadline=676251523737, FrameStartTime=675628528072, FrameInterval=16666666, WorkloadTarget=16666666, SyncQueued=675690457030, SyncStart=676229037655, IssueDrawCommandsStart=676229196697, SwapBuffers=676412547239, FrameCompleted=676624916572, DequeueBufferDuration=4000, QueueBufferDuration=204125, GpuCompleted=676624916572, SwapBuffersCompleted=676432071197, DisplayPresentTime=0, CommandSubmissionCompleted=676412547239, 
04-07 13:27:52.716  4970  5022 I HWUI    : Davey! duration=1263ms; Flags=0, FrameTimelineVsyncId=34049, IntendedVsync=675684857093, Vsync=676234857071, InputEventId=0, HandleInputStart=676250751572, AnimationStart=676250752947, PerformTraversalsStart=676295651072, DrawStart=676295837614, FrameDeadline=676651523721, FrameStartTime=676250381155, FrameInterval=16666666, WorkloadTarget=16666666, SyncQueued=676295863822, SyncStart=676432187322, IssueDrawCommandsStart=676432272905, SwapBuffers=676625850030, FrameCompleted=677084849322, DequeueBufferDuration=50567375, QueueBufferDuration=1615792, GpuCompleted=677084849322, SwapBuffersCompleted=676848971364, DisplayPresentTime=0, CommandSubmissionCompleted=676625850030, 
04-07 13:27:52.927  5818  5818 W screencap: Thread Pool max thread count is 0. Cannot cache binder as linkToDeath cannot be implemented. serviceName: SurfaceFlingerAIDL
04-07 13:27:52.927  5818  5818 W BpBinder: Linking to death on android.gui.ISurfaceComposer but there are no threads (yet?) listening to incoming transactions. See ProcessState::startThreadPool and ProcessState::setThreadPoolMaxThreadCount. Generally you should setup the binder threadpool before other initialization steps.
04-07 13:27:52.928  5818  5818 W ProcessState: Extra binder thread started, but 0 threads requested. Do not use *startThreadPool when zero threads are requested.
04-07 13:27:53.307  4970  5720 I HWUI    : Davey! duration=908ms; Flags=0, FrameTimelineVsyncId=34065, IntendedVsync=676268190403, Vsync=676484857061, InputEventId=0, HandleInputStart=676492786322, AnimationStart=676492787655, PerformTraversalsStart=676506522030, DrawStart=676506740530, FrameDeadline=677101523703, FrameStartTime=676492627697, FrameInterval=16666666, WorkloadTarget=16666666, SyncQueued=676506766572, SyncStart=676849108531, IssueDrawCommandsStart=676849418114, SwapBuffers=677094459322, FrameCompleted=677518816906, DequeueBufferDuration=1603084, QueueBufferDuration=446625, GpuCompleted=677518816906, SwapBuffersCompleted=677275855656, DisplayPresentTime=0, CommandSubmissionCompleted=677094459322, 
04-07 13:27:53.347  1041  1266 D SatelliteController: iisInCarrierRoamingNbIotNtn: satellite is disabled
04-07 13:27:53.352   661  2010 W IPCThreadState: Sending oneway calls to frozen process.
04-07 13:27:53.505  4970  5720 I HWUI    : Davey! duration=1098ms; Flags=0, FrameTimelineVsyncId=34080, IntendedVsync=676518190393, Vsync=676834857047, InputEventId=0, HandleInputStart=677012431156, AnimationStart=677012432864, PerformTraversalsStart=677026825197, DrawStart=677027063239, FrameDeadline=677551523685, FrameStartTime=676849861239, FrameInterval=16666666, WorkloadTarget=16666666, SyncQueued=677027092281, SyncStart=677275961822, IssueDrawCommandsStart=677281499906, SwapBuffers=677519048531, FrameCompleted=677865616031, DequeueBufferDuration=344697750, QueueBufferDuration=158417, GpuCompleted=677864939573, SwapBuffersCompleted=677865616031, DisplayPresentTime=0, CommandSubmissionCompleted=677519048531, 
04-07 13:27:53.713  4970  4970 I Choreographer: Skipped 58 frames!  The application may be doing too much work on its main thread.
04-07 13:27:53.716   500  1184 E HwcComposer: getLuts failed Status(-8, EX_SERVICE_SPECIFIC): '8: '
04-07 13:27:53.716   500  1184 E HWComposer: getLuts: getLuts failed for display 4619827259835644672: UNSUPPORTED (8)
04-07 13:27:53.916  4970  5720 I HWUI    : Davey! duration=742ms; Flags=0, FrameTimelineVsyncId=34095, IntendedVsync=677018190373, Vsync=677284857029, InputEventId=0, HandleInputStart=677290276656, AnimationStart=677290278364, PerformTraversalsStart=677352739531, DrawStart=677353033031, FrameDeadline=677884857005, FrameStartTime=677290116989, FrameInterval=16666666, WorkloadTarget=16666666, SyncQueued=677353063864, SyncStart=677865759906, IssueDrawCommandsStart=677865884656, SwapBuffers=678053472614, FrameCompleted=678273104406, DequeueBufferDuration=25796083, QueueBufferDuration=282000, GpuCompleted=678273104406, SwapBuffersCompleted=678080733198, DisplayPresentTime=0, CommandSubmissionCompleted=678053472614, 
04-07 13:27:54.843  4970  5720 I HWUI    : Davey! duration=1692ms; Flags=0, FrameTimelineVsyncId=34111, IntendedVsync=677301523695, Vsync=678268190323, InputEventId=0, HandleInputStart=678271737365, AnimationStart=678271738490, PerformTraversalsStart=678319271906, DrawStart=678331409823, FrameDeadline=678301523655, FrameStartTime=678271335115, FrameInterval=16666666, WorkloadTarget=16666666, SyncQueued=678331441073, SyncStart=678331589656, IssueDrawCommandsStart=678333508698, SwapBuffers=678419040990, FrameCompleted=678993949157, DequeueBufferDuration=54975708, QueueBufferDuration=173042, GpuCompleted=678993949157, SwapBuffersCompleted=678474820531, DisplayPresentTime=0, CommandSubmissionCompleted=678419040990, 
04-07 13:27:54.845  4970  4970 I Choreographer: Skipped 55 frames!  The application may be doing too much work on its main thread.
04-07 13:27:54.984  4970  5720 I HWUI    : Davey! duration=1027ms; Flags=0, FrameTimelineVsyncId=34157, IntendedVsync=678284856989, Vsync=678318190321, InputEventId=0, HandleInputStart=678332723781, AnimationStart=678332724365, PerformTraversalsStart=678385571198, DrawStart=678385809448, FrameDeadline=679018190293, FrameStartTime=678332704281, FrameInterval=16666666, WorkloadTarget=16666666, SyncQueued=678385842281, SyncStart=678475245615, IssueDrawCommandsStart=678475330615, SwapBuffers=678852857157, FrameCompleted=679402064532, DequeueBufferDuration=410432416, QueueBufferDuration=244625, GpuCompleted=679401684948, SwapBuffersCompleted=679402064532, DisplayPresentTime=0, CommandSubmissionCompleted=678852857157, 
04-07 13:27:55.417   910   925 I HWUI    : Davey! duration=1668ms; Flags=0, FrameTimelineVsyncId=34119, IntendedVsync=677918190337, Vsync=677918190337, InputEventId=0, HandleInputStart=677921113489, AnimationStart=677921114323, PerformTraversalsStart=677921114614, DrawStart=677921165906, FrameDeadline=677934857003, FrameStartTime=677921109906, FrameInterval=16666666, WorkloadTarget=16666666, SyncQueued=677921325489, SyncStart=677925146823, IssueDrawCommandsStart=677926071323, SwapBuffers=678854022615, FrameCompleted=679590961657, DequeueBufferDuration=5584, QueueBufferDuration=2529333, GpuCompleted=679590961657, SwapBuffersCompleted=678993871657, DisplayPresentTime=0, CommandSubmissionCompleted=678854022615, 
04-07 13:27:55.954  4970  5720 I HWUI    : Davey! duration=813ms; Flags=0, FrameTimelineVsyncId=34164, IntendedVsync=678334856987, Vsync=678468190315, InputEventId=0, HandleInputStart=678480191406, AnimationStart=678480193115, PerformTraversalsStart=678575438281, DrawStart=678575652781, FrameDeadline=679434856943, FrameStartTime=678477149156, FrameInterval=16666666, WorkloadTarget=16666666, SyncQueued=678575680948, SyncStart=679402410240, IssueDrawCommandsStart=679402521573, SwapBuffers=679542147740, FrameCompleted=679975096574, DequeueBufferDuration=3958, QueueBufferDuration=188542, GpuCompleted=679975096574, SwapBuffersCompleted=679597968532, DisplayPresentTime=0, CommandSubmissionCompleted=679542147740, 
04-07 13:27:56.001  4970  4970 I Choreographer: Skipped 57 frames!  The application may be doing too much work on its main thread.
04-07 13:27:56.032  5822  5822 W dumpsys : Thread Pool max thread count is 0. Cannot cache binder as linkToDeath cannot be implemented. serviceName: package
04-07 13:27:56.283  4970  4981 I HWUI    : Davey! duration=1836ms; Flags=0, FrameTimelineVsyncId=34179, IntendedVsync=678484856981, Vsync=679401523611, InputEventId=0, HandleInputStart=679403918198, AnimationStart=679403919823, PerformTraversalsStart=679408667948, DrawStart=679408853157, FrameDeadline=680001523587, FrameStartTime=679403405990, FrameInterval=16666666, WorkloadTarget=16666666, SyncQueued=679408878615, SyncStart=679598103490, IssueDrawCommandsStart=679598232532, SwapBuffers=679974358990, FrameCompleted=680510857366, DequeueBufferDuration=534879333, QueueBufferDuration=359458, GpuCompleted=680510506449, SwapBuffersCompleted=680510857366, DisplayPresentTime=0, CommandSubmissionCompleted=679974358990, 
04-07 13:27:56.655  3001  3001 I artd    : GetBestInfo: odex next to the dex file (/data/app/~~9EJgK3wJrWTSfr2ja0bA_Q==/com.google.android.gms-cTmvf4GlcXpHfRnR1gMH-Q==/oat/arm64/base.odex) is kOatUpToDate with filter 'speed-profile' executable 'false'
04-07 13:27:56.660  3001  3001 I artd    : GetBestInfo: odex next to the dex file (/data/app/~~9EJgK3wJrWTSfr2ja0bA_Q==/com.google.android.gms-cTmvf4GlcXpHfRnR1gMH-Q==/oat/arm64/split_CronetDynamite_installtime.odex) is kOatUpToDate with filter 'speed-profile' executable 'false'
04-07 13:27:56.663  3001  3001 I artd    : GetBestInfo: odex next to the dex file (/data/app/~~9EJgK3wJrWTSfr2ja0bA_Q==/com.google.android.gms-cTmvf4GlcXpHfRnR1gMH-Q==/oat/arm64/split_DynamiteLoader_installtime.odex) is kOatUpToDate with filter 'speed' executable 'false'
04-07 13:27:56.667  3001  3001 I artd    : GetBestInfo: odex next to the dex file (/data/app/~~9EJgK3wJrWTSfr2ja0bA_Q==/com.google.android.gms-cTmvf4GlcXpHfRnR1gMH-Q==/oat/arm64/split_DynamiteModulesA_installtime.odex) is kOatUpToDate with filter 'speed' executable 'false'
04-07 13:27:56.669  3001  5250 I artd    : GetBestInfo: odex next to the dex file (/data/app/~~9EJgK3wJrWTSfr2ja0bA_Q==/com.google.android.gms-cTmvf4GlcXpHfRnR1gMH-Q==/oat/arm64/split_DynamiteModulesC_installtime.odex) is kOatUpToDate with filter 'speed' executable 'false'
04-07 13:27:56.675  3001  5250 I artd    : GetBestInfo: odex next to the dex file (/data/app/~~9EJgK3wJrWTSfr2ja0bA_Q==/com.google.android.gms-cTmvf4GlcXpHfRnR1gMH-Q==/oat/arm64/split_GoogleCertificates_installtime.odex) is kOatUpToDate with filter 'speed' executable 'false'
04-07 13:27:56.685  3001  5250 I artd    : GetBestInfo: odex next to the dex file (/data/app/~~9EJgK3wJrWTSfr2ja0bA_Q==/com.google.android.gms-cTmvf4GlcXpHfRnR1gMH-Q==/oat/arm64/split_MapsDynamite_installtime.odex) is kOatUpToDate with filter 'speed' executable 'false'
04-07 13:27:56.688  3001  3001 I artd    : GetBestInfo: odex next to the dex file (/data/app/~~9EJgK3wJrWTSfr2ja0bA_Q==/com.google.android.gms-cTmvf4GlcXpHfRnR1gMH-Q==/oat/arm64/split_MeasurementDynamite_installtime.odex) is kOatUpToDate with filter 'speed' executable 'false'
04-07 13:27:56.693  3001  5250 W artd    : Could not get dex checksums for location /data/app/~~R49jiJKTWeb2KTyiSxCk7Q==/com.google.android.gms-DIlyUlpBWEyIZeN18hyR-w==/base.apk, fd=-1
04-07 13:27:56.695  3001  5250 I artd    : GetBestInfo: /data/user_de/0/com.google.android.gms/app_chimera/m/00000001/CronetDynamite.apk has no usable artifacts
04-07 13:27:56.697  3001  5250 I artd    : GetBestInfo: /data/user_de/0/com.google.android.gms/app_chimera/m/0000002c/dl-Appsearch.optional_260834100400.apk has no usable artifacts
04-07 13:27:56.697  3001  5250 I artd    : GetBestInfo: /data/user_de/0/com.google.android.gms/app_chimera/m/00000002/DynamiteLoader.apk has no usable artifacts
04-07 13:27:56.699  3001  5250 I artd    : GetBestInfo: /data/user_de/0/com.google.android.gms/app_chimera/m/00000005/GoogleCertificates.apk has no usable artifacts
04-07 13:27:56.701  3001  5250 I artd    : GetBestInfo: /data/user/0/com.google.android.gms/app_dg_cache/DD26CFCA40A2391A1E3626BBAF83BD500298C9F7/the.apk has no usable artifacts
04-07 13:27:56.701  3001  5250 W artd    : Could not get dex checksums for location /data/app/~~R49jiJKTWeb2KTyiSxCk7Q==/com.google.android.gms-DIlyUlpBWEyIZeN18hyR-w==/base.apk, fd=-1
04-07 13:27:56.704  3001  3001 I artd    : GetBestInfo: /data/user_de/0/com.google.android.gms/app_chimera/m/00000028/dl-MlkitBarcodeUi.optional_260834100400.apk has no usable artifacts
04-07 13:27:56.706  3001  3001 W artd    : Could not get dex checksums for location /data/app/~~R49jiJKTWeb2KTyiSxCk7Q==/com.google.android.gms-DIlyUlpBWEyIZeN18hyR-w==/base.apk, fd=-1
04-07 13:27:56.707  3001  3001 W artd    : Could not get dex checksums for location /data/app/~~R49jiJKTWeb2KTyiSxCk7Q==/com.google.android.gms-DIlyUlpBWEyIZeN18hyR-w==/base.apk, fd=-1
04-07 13:27:56.708  3001  5250 I artd    : GetBestInfo: /data/user_de/0/com.google.android.gms/app_chimera/m/00000019/dl-TfliteDynamiteDynamite.integ_252130102100400.apk has no usable artifacts
04-07 13:27:56.708  3001  5250 W artd    : Could not get dex checksums for location /data/app/~~R49jiJKTWeb2KTyiSxCk7Q==/com.google.android.gms-DIlyUlpBWEyIZeN18hyR-w==/base.apk, fd=-1
04-07 13:27:56.710  3001  5250 W artd    : Could not get dex checksums for location /data/app/~~R49jiJKTWeb2KTyiSxCk7Q==/com.google.android.gms-DIlyUlpBWEyIZeN18hyR-w==/base.apk, fd=-1
04-07 13:27:56.710  3001  5250 W artd    : Could not get dex checksums for location /data/app/~~R49jiJKTWeb2KTyiSxCk7Q==/com.google.android.gms-DIlyUlpBWEyIZeN18hyR-w==/base.apk, fd=-1
04-07 13:27:56.712  3001  5250 I artd    : GetBestInfo: /data/user_de/0/com.google.android.gms/app_chimera/m/00000008/dl-Appsearch.optional_250834100400.apk has no usable artifacts
04-07 13:27:56.713  3001  5250 I artd    : GetBestInfo: /data/user_de/0/com.google.android.gms/app_chimera/m/0000002a/dl-PlayCloudSearch.optional_260834100000.apk has no usable artifacts
04-07 13:27:56.714  3001  5250 W artd    : Could not get dex checksums for location /data/app/~~R49jiJKTWeb2KTyiSxCk7Q==/com.google.android.gms-DIlyUlpBWEyIZeN18hyR-w==/base.apk, fd=-1
04-07 13:27:56.715  3001  5250 I artd    : GetBestInfo: /data/user_de/0/com.google.android.gms/app_chimera/m/00000029/dl-MlkitOcrCommon.optional_260834100400.apk has no usable artifacts
04-07 13:27:56.717  3001  3001 I artd    : GetBestInfo: /data/user/0/com.google.android.gms/app_dg_cache/DE47351470B874CD27E2358FA315B85F3554F2AB/the.apk has no usable artifacts
04-07 13:27:56.717  3001  3001 W artd    : Could not get dex checksums for location /data/app/~~R49jiJKTWeb2KTyiSxCk7Q==/com.google.android.gms-DIlyUlpBWEyIZeN18hyR-w==/base.apk, fd=-1
04-07 13:27:56.719  3001  3001 I artd    : GetBestInfo: vdex next to the dex file (/data/user/0/com.google.android.gms/app_dg_cache/C979021594972B0BA2D39F27BF33D93C4B1302BC/oat/arm64/the.vdex) is kOatUpToDate with filter 'verify' executable 'false'
04-07 13:27:56.725  3001  3001 I artd    : GetBestInfo: /data/user_de/0/com.google.android.gms/app_chimera/m/0000002b/dl-VisionOcr.optional_260834100000.apk has no usable artifacts
04-07 13:27:56.729  3001  3001 W artd    : Could not get dex checksums for location /data/app/~~R49jiJKTWeb2KTyiSxCk7Q==/com.google.android.gms-DIlyUlpBWEyIZeN18hyR-w==/base.apk, fd=-1
04-07 13:27:56.736  3001  3001 I artd    : GetBestInfo: /data/user_de/0/com.google.android.gms/app_chimera/m/0000000c/dl-MlkitBarcodeUi.optional_250834100400.apk has no usable artifacts
04-07 13:27:56.736  3001  5250 I artd    : GetBestInfo: /data/user_de/0/com.google.android.gms/app_chimera/m/00000007/MeasurementDynamite.apk has no usable artifacts
04-07 13:27:56.875  4970  4970 I Choreographer: Skipped 32 frames!  The application may be doing too much work on its main thread.
04-07 13:27:56.976  4970  4981 I HWUI    : Davey! duration=1534ms; Flags=0, FrameTimelineVsyncId=34211, IntendedVsync=679601523603, Vsync=680551523565, InputEventId=0, HandleInputStart=680574545449, AnimationStart=680574547824, PerformTraversalsStart=680585899824, DrawStart=680586231574, FrameDeadline=680934856883, FrameStartTime=680559388741, FrameInterval=16666666, WorkloadTarget=16666666, SyncQueued=680586259241, SyncStart=680865839241, IssueDrawCommandsStart=680865946116, SwapBuffers=680916554074, FrameCompleted=681415259241, DequeueBufferDuration=269357750, QueueBufferDuration=7716125, GpuCompleted=681380448783, SwapBuffersCompleted=681415259241, DisplayPresentTime=0, CommandSubmissionCompleted=680916554074, 
04-07 13:27:57.650  4970  4970 I Choreographer: Skipped 36 frames!  The application may be doing too much work on its main thread.
04-07 13:27:57.770  4970  4981 I HWUI    : Davey! duration=1195ms; Flags=0, FrameTimelineVsyncId=34241, IntendedVsync=680884856885, Vsync=681418190197, InputEventId=0, HandleInputStart=681440102116, AnimationStart=681440104241, PerformTraversalsStart=681445060533, DrawStart=681445327283, FrameDeadline=681784856849, FrameStartTime=681433894866, FrameInterval=16666666, WorkloadTarget=16666666, SyncQueued=681445354199, SyncStart=681534706158, IssueDrawCommandsStart=681534793449, SwapBuffers=681754194491, FrameCompleted=682169819116, DequeueBufferDuration=399525084, QueueBufferDuration=364334, GpuCompleted=682169819116, SwapBuffersCompleted=682169690741, DisplayPresentTime=0, CommandSubmissionCompleted=681754194491, 
04-07 13:27:58.741  4970  4981 I HWUI    : Davey! duration=1192ms; Flags=0, FrameTimelineVsyncId=34271, IntendedVsync=681601523523, Vsync=682201523499, InputEventId=0, HandleInputStart=682218637283, AnimationStart=682218639325, PerformTraversalsStart=682252223450, DrawStart=682252494991, FrameDeadline=682584856817, FrameStartTime=682208614033, FrameInterval=16666666, WorkloadTarget=16666666, SyncQueued=682252524450, SyncStart=682395566492, IssueDrawCommandsStart=682395656283, SwapBuffers=682562632950, FrameCompleted=682937107283, DequeueBufferDuration=366087958, QueueBufferDuration=6357500, GpuCompleted=682937107283, SwapBuffersCompleted=682935794242, DisplayPresentTime=0, CommandSubmissionCompleted=682562632950, 
